Release 14.7 - xst P.20131013 (lin64)
Copyright (c) 1995-2013 Xilinx, Inc.  All rights reserved.
--> 
Parameter TMPDIR set to xst/projnav.tmp


Total REAL time to Xst completion: 0.00 secs
Total CPU time to Xst completion: 0.09 secs
 
--> 
Parameter xsthdpdir set to xst


Total REAL time to Xst completion: 0.00 secs
Total CPU time to Xst completion: 0.09 secs
 
--> 
Reading design: radio.prj

TABLE OF CONTENTS
  1) Synthesis Options Summary
  2) HDL Parsing
  3) HDL Elaboration
  4) HDL Synthesis
       4.1) HDL Synthesis Report
  5) Advanced HDL Synthesis
       5.1) Advanced HDL Synthesis Report
  6) Low Level Synthesis
  7) Partition Report
  8) Design Summary
       8.1) Primitive and Black Box Usage
       8.2) Device utilization summary
       8.3) Partition Resource Summary
       8.4) Timing Report
            8.4.1) Clock Information
            8.4.2) Asynchronous Control Signals Information
            8.4.3) Timing Summary
            8.4.4) Timing Details
            8.4.5) Cross Clock Domains Report


=========================================================================
*                      Synthesis Options Summary                        *
=========================================================================
---- Source Parameters
Input File Name                    : "radio.prj"
Ignore Synthesis Constraint File   : NO

---- Target Parameters
Output File Name                   : "radio"
Output Format                      : NGC
Target Device                      : xc6slx9-2-csg324

---- Source Options
Top Module Name                    : radio
Automatic FSM Extraction           : YES
FSM Encoding Algorithm             : Auto
Safe Implementation                : No
FSM Style                          : LUT
RAM Extraction                     : Yes
RAM Style                          : Auto
ROM Extraction                     : Yes
Shift Register Extraction          : YES
ROM Style                          : Auto
Resource Sharing                   : YES
Asynchronous To Synchronous        : NO
Shift Register Minimum Size        : 2
Use DSP Block                      : Auto
Automatic Register Balancing       : No

---- Target Options
LUT Combining                      : Auto
Reduce Control Sets                : Auto
Add IO Buffers                     : YES
Global Maximum Fanout              : 100000
Add Generic Clock Buffer(BUFG)     : 16
Register Duplication               : YES
Optimize Instantiated Primitives   : NO
Use Clock Enable                   : Auto
Use Synchronous Set                : Auto
Use Synchronous Reset              : Auto
Pack IO Registers into IOBs        : Auto
Equivalent register Removal        : YES

---- General Options
Optimization Goal                  : Speed
Optimization Effort                : 1
Power Reduction                    : NO
Keep Hierarchy                     : No
Netlist Hierarchy                  : As_Optimized
RTL Output                         : Yes
Global Optimization                : AllClockNets
Read Cores                         : YES
Write Timing Constraints           : NO
Cross Clock Analysis               : NO
Hierarchy Separator                : /
Bus Delimiter                      : <>
Case Specifier                     : Maintain
Slice Utilization Ratio            : 100
BRAM Utilization Ratio             : 100
DSP48 Utilization Ratio            : 100
Auto BRAM Packing                  : NO
Slice Utilization Ratio Delta      : 5

=========================================================================


=========================================================================
*                          HDL Parsing                                  *
=========================================================================
Analyzing Verilog file "/home/justin/Documents/FPGA/Sandbox/radio/radio.v" into library work
Parsing module <radio>.

=========================================================================
*                            HDL Elaboration                            *
=========================================================================

Elaborating module <radio>.
WARNING:HDLCompiler:413 - "/home/justin/Documents/FPGA/Sandbox/radio/radio.v" Line 32: Result of 32-bit expression is truncated to fit in 10-bit target.
ERROR:HDLCompiler:1401 - "/home/justin/Documents/FPGA/Sandbox/radio/radio.v" Line 27: Signal ctr_q[11] in unit radio is connected to following multiple drivers:
Driver 0: output signal ctr_q[11] of instance Flip-flop (ctr_q).
Driver 1: output signal ctr_q[11] of instance Flip-flop (_i000012).
Driver 0: output signal ctr_q[10] of instance Flip-flop (ctr_q).
Driver 1: output signal ctr_q[10] of instance Flip-flop (_i000012).
Driver 0: output signal ctr_q[9] of instance Flip-flop (ctr_q).
Driver 1: output signal ctr_q[9] of instance Flip-flop (_i000012).
Driver 0: output signal ctr_q[8] of instance Flip-flop (ctr_q).
Driver 1: output signal ctr_q[8] of instance Flip-flop (_i000012).
Driver 0: output signal ctr_q[7] of instance Flip-flop (ctr_q).
Driver 1: output signal ctr_q[7] of instance Flip-flop (_i000012).
Driver 0: output signal ctr_q[6] of instance Flip-flop (ctr_q).
Driver 1: output signal ctr_q[6] of instance Flip-flop (_i000012).
Driver 0: output signal ctr_q[5] of instance Flip-flop (ctr_q).
Driver 1: output signal ctr_q[5] of instance Flip-flop (_i000012).
Driver 0: output signal ctr_q[4] of instance Flip-flop (ctr_q).
Driver 1: output signal ctr_q[4] of instance Flip-flop (_i000012).
Driver 0: output signal ctr_q[3] of instance Flip-flop (ctr_q).
Driver 1: output signal ctr_q[3] of instance Flip-flop (_i000012).
Driver 0: output signal ctr_q[2] of instance Flip-flop (ctr_q).
Driver 1: output signal ctr_q[2] of instance Flip-flop (_i000012).
Driver 0: output signal ctr_q[1] of instance Flip-flop (ctr_q).
Driver 1: output signal ctr_q[1] of instance Flip-flop (_i000012).
Driver 0: output signal ctr_q[0] of instance Flip-flop (ctr_q).
Driver 1: output signal ctr_q[0] of instance Flip-flop (_i000012).
WARNING:HDLCompiler:634 - "/home/justin/Documents/FPGA/Sandbox/radio/radio.v" Line 19: Net <cmd_d[9]> does not have a driver.
ERROR:HDLCompiler:1401 - "/home/justin/Documents/FPGA/Sandbox/radio/radio.v" Line 31: Signal cmd_q[9] in unit radio is connected to following multiple drivers:
Driver 0: output signal cmd_q[9] of instance Flip-flop (cmd_q).
Driver 1: output signal cmd_q[9] of instance Flip-flop (_i000014).
Driver 0: output signal cmd_q[8] of instance Flip-flop (cmd_q).
Driver 1: output signal cmd_q[8] of instance Flip-flop (_i000014).
Driver 0: output signal cmd_q[7] of instance Flip-flop (cmd_q).
Driver 1: output signal cmd_q[7] of instance Flip-flop (_i000014).
Driver 0: output signal cmd_q[6] of instance Flip-flop (cmd_q).
Driver 1: output signal cmd_q[6] of instance Flip-flop (_i000014).
Driver 0: output signal cmd_q[5] of instance Flip-flop (cmd_q).
Driver 1: output signal cmd_q[5] of instance Flip-flop (_i000014).
Driver 0: output signal cmd_q[4] of instance Flip-flop (cmd_q).
Driver 1: output signal cmd_q[4] of instance Flip-flop (_i000014).
Driver 0: output signal cmd_q[3] of instance Flip-flop (cmd_q).
Driver 1: output signal cmd_q[3] of instance Flip-flop (_i000014).
Driver 0: output signal cmd_q[2] of instance Flip-flop (cmd_q).
Driver 1: output signal cmd_q[2] of instance Flip-flop (_i000014).
Driver 0: output signal cmd_q[1] of instance Flip-flop (cmd_q).
Driver 1: output signal cmd_q[1] of instance Flip-flop (_i000014).
Driver 0: output signal cmd_q[0] of instance Flip-flop (cmd_q).
Driver 1: output signal cmd_q[0] of instance Flip-flop (_i000014).
Module radio remains a blackbox, due to errors in its contents
WARNING:HDLCompiler:1499 - "/home/justin/Documents/FPGA/Sandbox/radio/radio.v" Line 10: Empty module <radio> remains a black box.
--> 


Total memory usage is 310264 kilobytes

Number of errors   :    2 (   0 filtered)
Number of warnings :    3 (   0 filtered)
Number of infos    :    0 (   0 filtered)

